mode: set
/Users/pulat/all/uacademy/go-backend/test/division.go:3.41,4.14 1 1
/Users/pulat/all/uacademy/go-backend/test/division.go:4.14,6.3 1 1
/Users/pulat/all/uacademy/go-backend/test/division.go:8.2,8.14 1 1
/Users/pulat/all/uacademy/go-backend/test/division.go:8.14,10.3 1 1
/Users/pulat/all/uacademy/go-backend/test/division.go:12.2,12.14 1 1
/Users/pulat/all/uacademy/go-backend/test/division.go:15.14,17.2 0 0
